// Jest Snapshot v1, https://goo.gl/fbAQLP

exports[`Snapshot test renders the correct ui 1`] = `
<section
  className="sc-AxjAm fpVkNP"
>
  <img
    alt="work in progress logo"
    className="sc-AxhCb kSXmdg"
    src="logo.svg"
  />
  <h1>
    Work In Progress
  </h1>
  <p>
    A social media platform for creatives to receive feedback on their works in progress
  </p>
  <ul
    className="sc-AxirZ cyjTxn"
  >
    <li
      className="sc-AxiKw ddQdlN"
    >
      <a
        className="makeStyles-links-2"
        href="/log-in"
        onClick={[Function]}
      >
        <button
          className="MuiButtonBase-root MuiButton-root MuiButton-contained makeStyles-buttons-1 MuiButton-containedSecondary"
          disabled={false}
          onBlur={[Function]}
          onDragLeave={[Function]}
          onFocus={[Function]}
          onKeyDown={[Function]}
          onKeyUp={[Function]}
          onMouseDown={[Function]}
          onMouseLeave={[Function]}
          onMouseUp={[Function]}
          onTouchEnd={[Function]}
          onTouchMove={[Function]}
          onTouchStart={[Function]}
          tabIndex={0}
          type="button"
        >
          <span
            className="MuiButton-label"
          >
            Log In
          </span>
        </button>
      </a>
    </li>
    <li
      className="sc-AxiKw ddQdlN"
    >
      <a
        className="makeStyles-links-2"
        href="/sign-up"
        onClick={[Function]}
      >
        <button
          className="MuiButtonBase-root MuiButton-root MuiButton-contained makeStyles-buttons-1 MuiButton-containedSecondary"
          disabled={false}
          onBlur={[Function]}
          onDragLeave={[Function]}
          onFocus={[Function]}
          onKeyDown={[Function]}
          onKeyUp={[Function]}
          onMouseDown={[Function]}
          onMouseLeave={[Function]}
          onMouseUp={[Function]}
          onTouchEnd={[Function]}
          onTouchMove={[Function]}
          onTouchStart={[Function]}
          tabIndex={0}
          type="button"
        >
          <span
            className="MuiButton-label"
          >
            Sign Up
          </span>
        </button>
      </a>
    </li>
  </ul>
</section>
`;
