// Jest Snapshot v1, https://goo.gl/fbAQLP

exports[`Snapshot test renders the correct ui 1`] = `
<section
  className="sc-AxjAm lcVokx"
>
  <h1>
    Add New Project
  </h1>
  <form
    className="sc-AxirZ kexMxH"
    onSubmit={[Function]}
  >
    <label
      className="sc-AxhCb djpVYo"
      htmlFor="project_name"
    >
      Project Name
    </label>
    <input
      className="sc-AxiKw dxRHDb"
      id="project_name"
      name="project_name"
      onChange={[Function]}
      placeholder="Project name..."
      required={true}
      type="text"
    />
    <label
      className="sc-AxhCb djpVYo"
      htmlFor="project_description"
    >
      Project Description
    </label>
    <input
      className="sc-AxiKw dxRHDb"
      id="project_description"
      name="project_description"
      onChange={[Function]}
      placeholder="Project description..."
      required={true}
      type="text"
    />
    <button
      className="MuiButtonBase-root MuiButton-root MuiButton-contained MuiButton-containedSecondary"
      disabled={false}
      onBlur={[Function]}
      onDragLeave={[Function]}
      onFocus={[Function]}
      onKeyDown={[Function]}
      onKeyUp={[Function]}
      onMouseDown={[Function]}
      onMouseLeave={[Function]}
      onMouseUp={[Function]}
      onTouchEnd={[Function]}
      onTouchMove={[Function]}
      onTouchStart={[Function]}
      tabIndex={0}
      type="submit"
    >
      <span
        className="MuiButton-label"
      >
        Publish
      </span>
    </button>
  </form>
</section>
`;
