// Jest Snapshot v1, https://goo.gl/fbAQLP

exports[`Snapshot test renders the correct ui 1`] = `
<main
  className="MuiContainer-root makeStyles-formContainer-2 MuiContainer-maxWidthXs"
>
  <img
    alt="work in progress logo"
    className="sc-AxjAm ecCdST"
    src="logo.svg"
  />
  <h1>
    Log in
  </h1>
  <form
    className="makeStyles-form-1"
    onSubmit={[Function]}
  >
    <label
      className="sc-AxhCb djpVYo"
      htmlFor="username"
    >
      Username *
    </label>
    <input
      autoFocus={true}
      className="sc-AxiKw dxRHDb"
      id="username"
      name="username"
      onChange={[Function]}
      placeholder="Username"
      required={true}
      type="text"
    />
    <label
      className="sc-AxhCb djpVYo"
      htmlFor="password"
    >
      Password *
    </label>
    <input
      className="sc-AxiKw dxRHDb"
      id="password"
      name="password"
      onChange={[Function]}
      placeholder="Password"
      required={true}
      type="password"
    />
    <button
      className="MuiButtonBase-root MuiButton-root MuiButton-contained makeStyles-formElement-3 MuiButton-containedSecondary"
      disabled={false}
      onBlur={[Function]}
      onDragLeave={[Function]}
      onFocus={[Function]}
      onKeyDown={[Function]}
      onKeyUp={[Function]}
      onMouseDown={[Function]}
      onMouseLeave={[Function]}
      onMouseUp={[Function]}
      onTouchEnd={[Function]}
      onTouchMove={[Function]}
      onTouchStart={[Function]}
      tabIndex={0}
      type="submit"
    >
      <span
        className="MuiButton-label"
      >
        Log In
      </span>
    </button>
    <p
      className="makeStyles-errorMessage-4"
    >
      
    </p>
  </form>
  <p>
    Don't have an account yet? 
    <a
      href="/sign-up"
      onClick={[Function]}
    >
      Sign up
    </a>
  </p>
</main>
`;
