// Jest Snapshot v1, https://goo.gl/fbAQLP

exports[`Snapshot test renders the correct ui 1`] = `
<div
  className="sc-AxgMl jcCOud"
>
  <h3
    className="sc-fzozJi fbndaM"
  >
    Upload Files
  </h3>
  <div
    className="sc-AxheI cDpprM"
  >
    <div>
      <div
        className="sc-AxjAm LyzTN Dropzone "
        onClick={[Function]}
        onDragLeave={[Function]}
        onDragOver={[Function]}
        onDrop={[Function]}
        style={
          Object {
            "cursor": "pointer",
          }
        }
      >
        <input
          className="sc-AxiKw bymOIn FileInput"
          multiple={true}
          onChange={[Function]}
          type="file"
        />
        <img
          alt="upload"
          className="sc-AxirZ dUPqmS Icon"
          src="baseline-cloud_upload-24px.svg"
        />
        <span>
          Upload Files
        </span>
      </div>
    </div>
    <div
      className="sc-Axmtr jNncFm"
    />
  </div>
  <div
    className="sc-AxmLO kpHjMF"
  >
    <button
      className="sc-fznKkj gBWhcO"
      disabled={false}
      onClick={[Function]}
    >
      Upload
    </button>
  </div>
</div>
`;
